// Jest Snapshot v1, https://goo.gl/fbAQLP

exports[`Component is mounted properly 1`] = `
<div class="progress-bar-container">
  <!---->
  <div class="progress-bar-background">
    <div class="progress-indicator"></div>
  </div>
</div>
`;
