// Jest Snapshot v1, https://goo.gl/fbAQLP

exports[`Component is mounted properly 1`] = `<span id="radioButton"><label for="id" class="radio-button-container"><input type="radio" id="id" value="id"> <label for="id" class="m-0">test</label></label></span>`;
